// Jest Snapshot v1, https://goo.gl/fbAQLP

exports[`Button should render correctly in "debug" mode 1`] = `
<div>
  <button
    debug={true}
  >
    button
  </button>
</div>
`;
